
[2m━━━━━━━━━━━━━━━━━━━━━━━━━━━━━━━━━━━━━━━━━━━━━━━━━━━━━━━━━━━━━━━━━━━━━━━━━━━━━━━━━━━━━━━━━━━━━━━━━━━━[0m
[33massert_contains![0m([31mvec![98, 99][0m, [32m100[0m, [2m"Expected left value to contain right value"[0m);

Expected left value to contain right value

Expected [31mLeft[0m value to contain [32mRight[0m value

Left value: [31m[
    98,
    99,
][0m
Right value: [32m100[0m
    
[2m━━━━━━━━━━━━━━━━━━━━━━━━━━━━━━━━━━━━━━━━━━━━━━━━━━━━━━━━━━━━━━━━━━━━━━━━━━━━━━━━━━━━━━━━━━━━━━━━━━━━[0m
