
[2m━━━━━━━━━━━━━━━━━━━━━━━━━━━━━━━━━━━━━━━━━━━━━━━━━━━━━━━━━━━━━━━━━━━━━━━━━━━━━━━━━━━━━━━━━━━━━━━━━━━━[0m
[33massert_contains![0m([31mvec![1, 2][0m, [32m5[0m);

Assertion Failure!

Expected [31mLeft[0m value to contain [32mRight[0m value

Left value: [31m[
    1,
    2,
][0m
Right value: [32m5[0m
    
[2m━━━━━━━━━━━━━━━━━━━━━━━━━━━━━━━━━━━━━━━━━━━━━━━━━━━━━━━━━━━━━━━━━━━━━━━━━━━━━━━━━━━━━━━━━━━━━━━━━━━━[0m
